<?xml version="1.0" encoding="UTF-8"?>
<TestRun id="699d26d0-e629-40de-b040-7dc34601f9a1" name="Chaiwat.Kh@PC_011 2012-11-08 10:03:32" runUser="CARPASSAD\Chaiwat.Kh" xmlns="http://microsoft.com/schemas/VisualStudio/TeamTest/2010">
  <TestSettings name="Local" id="cf0010f8-2bca-4073-94b8-a3e721ba155c">
    <Description>These are default test settings for a local test run.</Description>
    <Deployment enabled="false" runDeploymentRoot="Chaiwat.Kh_PC_011 2012-11-08 10_03_32">
      <DeploymentItem filename="D:\github_new20120612\DevicesSimulation\DevicesSimulation\DeviceSimulation.Domain\bin\Debug\DeviceSimulation.Domain.dll" />
      <DeploymentItem filename="D:\github_new20120612\DevicesSimulation\DevicesSimulation\DeviceSimulation.Infra.Test\lib\Iesi.Collections.dll" />
      <DeploymentItem filename="D:\github_new20120612\DevicesSimulation\DevicesSimulation\DeviceSimulation.Infrastructure\bin\Debug\DeviceSimulation.Infrastructure.dll" />
      <DeploymentItem filename="D:\github_new20120612\DevicesSimulation\DevicesSimulation\DeviceSimulation.Infra.Test\lib\FluentNHibernate.dll" />
      <DeploymentItem filename="D:\github_new20120612\DevicesSimulation\DevicesSimulation\DeviceSimulation.Infra.Test\lib\System.Data.SQLite.dll" />
      <DeploymentItem filename="D:\github_new20120612\DevicesSimulation\DevicesSimulation\DeviceSimulation.Infra.Test\lib\NHibernate.dll" />
      <DeploymentItem filename="D:\github_new20120612\DevicesSimulation\DevicesSimulation\DeviceSimulation.Infra.Test\lib\System.Data.SQLite.Linq.dll" />
    </Deployment>
    <Execution>
      <TestTypeSpecific />
      <AgentRule name="Execution Agents">
      </AgentRule>
    </Execution>
  </TestSettings>
  <Times creation="2012-11-08T10:03:32.6444439+07:00" queuing="2012-11-08T10:03:33.3943479+07:00" start="2012-11-08T10:03:33.6755619+07:00" finish="2012-11-08T10:03:37.4875739+07:00" />
  <ResultSummary outcome="Completed">
    <Counters total="1" executed="1" passed="1" error="0" failed="0" timeout="0" aborted="0" inconclusive="0" passedButRunAborted="0" notRunnable="0" notExecuted="0" disconnected="0" warning="0" completed="0" inProgress="0" pending="0" />
  </ResultSummary>
  <TestDefinitions>
    <UnitTest name="TestSimpleSave" storage="d:\github_new20120612\devicessimulation\devicessimulation\devicesimulation.infra.test\bin\debug\devicesimulation.infra.test.dll" id="616a0991-8857-4e1d-6cc8-ee747a7a2aba">
      <Execution id="103c9374-5491-4ad1-abf3-707ff8767e64" />
      <TestMethod codeBase="D:/github_new20120612/DevicesSimulation/DevicesSimulation/DeviceSimulation.Infra.Test/bin/Debug/DeviceSimulation.Infra.Test.DLL" adapterTypeName="Microsoft.VisualStudio.TestTools.TestTypes.Unit.UnitTestAdapter, Microsoft.VisualStudio.QualityTools.Tips.UnitTest.Adapter, Version=10.0.0.0, Culture=neutral, PublicKeyToken=b03f5f7f11d50a3a" className="DeviceSimulation.Infra.Test.UnitTest1, DeviceSimulation.Infra.Test, Version=1.0.0.0, Culture=neutral, PublicKeyToken=null" name="TestSimpleSave" />
    </UnitTest>
  </TestDefinitions>
  <TestLists>
    <TestList name="Results Not in a List" id="8c84fa94-04c1-424b-9868-57a2d4851a1d" />
    <TestList name="All Loaded Results" id="19431567-8539-422a-85d7-44ee4e166bda" />
  </TestLists>
  <TestEntries>
    <TestEntry testId="616a0991-8857-4e1d-6cc8-ee747a7a2aba" executionId="103c9374-5491-4ad1-abf3-707ff8767e64" testListId="8c84fa94-04c1-424b-9868-57a2d4851a1d" />
  </TestEntries>
  <Results>
    <UnitTestResult executionId="103c9374-5491-4ad1-abf3-707ff8767e64" testId="616a0991-8857-4e1d-6cc8-ee747a7a2aba" testName="TestSimpleSave" computerName="PC_011" duration="00:00:03.1342385" startTime="2012-11-08T10:03:33.7380539+07:00" endTime="2012-11-08T10:03:37.4407049+07:00" testType="13cdc9d9-ddb5-4fa4-a97d-d965ccfc6d4b" outcome="Passed" testListId="8c84fa94-04c1-424b-9868-57a2d4851a1d" relativeResultsDirectory="103c9374-5491-4ad1-abf3-707ff8767e64">
    </UnitTestResult>
  </Results>
</TestRun>